Loaded 2 flow(s) from gherkio/flows
[1;37mFeature:[0m Company Setup and Configuration Journey

[debug] API: Login (POST https://bac95622f7e996a8893a0b57d16d1692.serveo.net/api/Auth/login) -> 200
[debug] request headers:
[debug]   Content-Type: application/json
[debug]   X-App: gherkio
[debug] request body:
{
  "username": "superadmin",
  "password": "Admin@123"
}
[debug] response body:
{
  "data": {
    "access_token": "eyJhbGciOiJIUzI1NiIsInR5cCI6IkpXVCJ9.eyJ1bmlxdWVfbmFtZSI6InN1cGVyYWRtaW4iLCJuYW1laWQiOiIwMVNBRE1JTlVTRVIwMDAwMDAwMDAwMDAwMCIsIm5iZiI6MTc2MDgyODAyMiwiZXhwIjoxNzYxNDMyODIyLCJpYXQiOjE3NjA4MjgwMjIsImlzcyI6IkVEb2N1bWVudC5BcGkiLCJhdWQiOiJFRG9jdW1lbnQuQXBpIn0.BgRvaMIOTERzTSVDMzJYpwerhgmGnyb3J91FbnMkvYA"
  },
  "meta": null,
  "message": null
}

  [1;37mScenario:[0m Superadmin configures the default company                                            [1;30m# gherkio/features/e2e/all.feature:4[0m
    [32mWhen[0m [32mI run flow "authenticate-superadmin"[0m                                                    [1;30m# steps_godog.go:47 -> github.com/muhfaris/gherkio/internal/cli/cmd.runRun.InitializeScenario.func3.20[0m
    [32mThen[0m [32mthe store should contain "access_token"[0m                                                 [1;30m# steps_godog.go:47 -> github.com/muhfaris/gherkio/internal/cli/cmd.runRun.InitializeScenario.func3.50[0m
    [32mGiven[0m [32mI set auth "bearer"[0m                                                                    [1;30m# steps_godog.go:47 -> github.com/muhfaris/gherkio/internal/cli/cmd.runRun.InitializeScenario.func3.28[0m

[debug] API: MyInfo (GET https://bac95622f7e996a8893a0b57d16d1692.serveo.net/api/Auth/me) -> 200
[debug] request headers:
[debug]   Authorization: Bearer eyJhbGciOiJIUzI1NiIsInR5cCI6IkpXVCJ9.eyJ1bmlxdWVfbmFtZSI6InN1cGVyYWRtaW4iLCJuYW1laWQiOiIwMVNBRE1JTlVTRVIwMDAwMDAwMDAwMDAwMCIsIm5iZiI6MTc2MDgyODAyMiwiZXhwIjoxNzYxNDMyODIyLCJpYXQiOjE3NjA4MjgwMjIsImlzcyI6IkVEb2N1bWVudC5BcGkiLCJhdWQiOiJFRG9jdW1lbnQuQXBpIn0.BgRvaMIOTERzTSVDMzJYpwerhgmGnyb3J91FbnMkvYA
[debug]   Content-Type: application/json
[debug]   X-App: gherkio
[debug] request body:
{
  "username": "superadmin",
  "password": "Admin@123"
}
[debug] response body:
{
  "data": {
    "id": "01SADMINUSER00000000000000",
    "displayName": "Super Admin",
    "email": "superadmin@example.com",
    "roles": [
      {
        "id": "01SADMINROLE00000000000000",
        "name": "Super Admin",
        "description": "Full access to all features",
        "scopeType": "ALL",
        "privileges": [
          {
            "id": "QCWPYDV9Q955VXBVPBJNBMFG4B",
            "code": "COMPANY",
            "name": "Company Module",
            "description": "Company Module",
            "items": [
              {
                "id": "NS7A5PMPJJX7R1T2BS4SGASZ1Y",
                "code": "COMPANY_EDITOR",
                "name": "Company Editor",
                "description": "Can create, edit, delete company data."
              },
              {
                "id": "M6ETTCS8N8HXEVCQW2VWH4V7V4",
                "code": "COMPANY_TYPE_EDITOR",
                "name": "Company Type Editor",
                "description": "Can create, edit, delete company type data."
              },
              {
                "id": "VPB8195HMZ6FG47VK4ZC1983PA",
                "code": "COMPANY_TYPE_VIEWER",
                "name": "Company Type Viewer",
                "description": "Can view company type data."
              },
              {
                "id": "1QDT1ZTP3HNK5FMRVP013RFG17",
                "code": "COMPANY_VIEWER",
                "name": "Company Viewer",
                "description": "Can view company data."
              },
              {
                "id": "8M0TTGD7JE9F957VRTHR503W6H",
                "code": "ORGANIZATION_LEVEL_EDITOR",
                "name": "Organization Level Editor",
                "description": "Can create, edit, delete organization level definitions."
              },
              {
                "id": "N0NGKPHXVEVXKSZMG09YYH3BBE",
                "code": "ORGANIZATION_LEVEL_VIEWER",
                "name": "Organization Level Viewer",
                "description": "Can view organization level definitions."
              },
              {
                "id": "QYMDM1XBCQ99DE73R399XMYDCQ",
                "code": "ORGANIZATION_NODE_EDITOR",
                "name": "Organization Node Editor",
                "description": "Can create, edit, delete organization nodes."
              },
              {
                "id": "7YK606ZEF1FYEZMY0WK64FHSKT",
                "code": "ORGANIZATION_NODE_VIEWER",
                "name": "Organization Node Viewer",
                "description": "Can view organization nodes."
              }
            ]
          },
          {
            "id": "EH11GVBRVXE9NMV290BPGP36Y1",
            "code": "CONTENT",
            "name": "Content Module",
            "description": "Content Module",
            "items": [
              {
                "id": "DQV3C46K85H40HQPT1A9H1F7RG",
                "code": "ANNOUNCEMENT_EDITOR",
                "name": "Announcement Editor",
                "description": "Can create, edit, delete announcement data."
              },
              {
                "id": "A2RH9WM25DPS68K1GJTE3Y05A4",
                "code": "ANNOUNCEMENT_VIEWER",
                "name": "Announcement Viewer",
                "description": "Can view announcement data."
              },
              {
                "id": "6VP5Z3N7Y50H1ZXMZVJXWM8VB6",
                "code": "ARTICLE_EDITOR",
                "name": "Article Editor",
                "description": "Can create, edit, delete article data."
              },
              {
                "id": "SMPQNW4HJTYCGZCT9ZBNKX7QV3",
                "code": "ARTICLE_VIEWER",
                "name": "Article Viewer",
                "description": "Can view article data."
              }
            ]
          },
          {
            "id": "9B11HN1K0D46Q6077ZW8216Q9C",
            "code": "DOCUMENT",
            "name": "Document Module",
            "description": "Document Module",
            "items": [
              {
                "id
... (truncated)
    [32mWhen[0m [32mI call API "MyInfo"[0m                                                                     [1;30m# steps_godog.go:47 -> github.com/muhfaris/gherkio/internal/cli/cmd.runRun.InitializeScenario.func3.15[0m
    [32mThen[0m [32mresponse status should be 200[0m                                                           [1;30m# steps_godog.go:47 -> github.com/muhfaris/gherkio/internal/cli/cmd.runRun.InitializeScenario.func3.21[0m
    [32mAnd[0m [32mjson "data.roles" should not be empty[0m                                                    [1;30m# steps_godog.go:47 -> github.com/muhfaris/gherkio/internal/cli/cmd.runRun.InitializeScenario.func3.37[0m

[debug] API: GetSettings (GET https://bac95622f7e996a8893a0b57d16d1692.serveo.net/api/Settings) -> 200
[debug] request headers:
[debug]   Authorization: Bearer eyJhbGciOiJIUzI1NiIsInR5cCI6IkpXVCJ9.eyJ1bmlxdWVfbmFtZSI6InN1cGVyYWRtaW4iLCJuYW1laWQiOiIwMVNBRE1JTlVTRVIwMDAwMDAwMDAwMDAwMCIsIm5iZiI6MTc2MDgyODAyMiwiZXhwIjoxNzYxNDMyODIyLCJpYXQiOjE3NjA4MjgwMjIsImlzcyI6IkVEb2N1bWVudC5BcGkiLCJhdWQiOiJFRG9jdW1lbnQuQXBpIn0.BgRvaMIOTERzTSVDMzJYpwerhgmGnyb3J91FbnMkvYA
[debug]   Content-Type: application/json
[debug]   X-App: gherkio
[debug] request body:
{
  "username": "superadmin",
  "password": "Admin@123"
}
[debug] response body:
{
  "data": {
    "id": "01SETTINGCORE0000000000000",
    "company": {
      "id": "01HF61X49YJZ0P1Q2R3S4T5U6A",
      "name": "Gherkio Corp (Updated) akm0O5sR",
      "description": "The primary company configured by our E2E test."
    },
    "reminderNotifications": [],
    "emailReceivers": []
  },
  "meta": null,
  "message": null
}
    [32mWhen[0m [32mI call API "GetSettings"[0m                                                                [1;30m# steps_godog.go:47 -> github.com/muhfaris/gherkio/internal/cli/cmd.runRun.InitializeScenario.func3.15[0m
    [32mThen[0m [32mresponse status should be 200[0m                                                           [1;30m# steps_godog.go:47 -> github.com/muhfaris/gherkio/internal/cli/cmd.runRun.InitializeScenario.func3.21[0m
    [32mAnd[0m [32mjson "data.company.id" should not be empty[0m                                               [1;30m# steps_godog.go:47 -> github.com/muhfaris/gherkio/internal/cli/cmd.runRun.InitializeScenario.func3.37[0m
    [32mAnd[0m [32mjson "data.company.name" should not be empty[0m                                             [1;30m# steps_godog.go:47 -> github.com/muhfaris/gherkio/internal/cli/cmd.runRun.InitializeScenario.func3.37[0m
    [32mAnd[0m [32msave "data.company.id" as "companyId"[0m                                                    [1;30m# steps_godog.go:47 -> github.com/muhfaris/gherkio/internal/cli/cmd.runRun.InitializeScenario.func3.29[0m
store[companyId] = 01HF61X49YJZ0P1Q2R3S4T5U6A
    [32mAnd[0m [32mshow variable "companyId"[0m                                                                [1;30m# steps_godog.go:47 -> github.com/muhfaris/gherkio/internal/cli/cmd.runRun.InitializeScenario.func3.46[0m
    [32mGiven[0m [32mI set path params:[0m                                                                     [1;30m# steps_godog.go:47 -> github.com/muhfaris/gherkio/internal/cli/cmd.runRun.InitializeScenario.func3.11[0m
      | [36mid[0m | [36m{{.store.companyId}}[0m |

[debug] API: UpdateCompany (PUT https://bac95622f7e996a8893a0b57d16d1692.serveo.net/api/Companies/01HF61X49YJZ0P1Q2R3S4T5U6A) -> 204
[debug] request headers:
[debug]   Authorization: Bearer eyJhbGciOiJIUzI1NiIsInR5cCI6IkpXVCJ9.eyJ1bmlxdWVfbmFtZSI6InN1cGVyYWRtaW4iLCJuYW1laWQiOiIwMVNBRE1JTlVTRVIwMDAwMDAwMDAwMDAwMCIsIm5iZiI6MTc2MDgyODAyMiwiZXhwIjoxNzYxNDMyODIyLCJpYXQiOjE3NjA4MjgwMjIsImlzcyI6IkVEb2N1bWVudC5BcGkiLCJhdWQiOiJFRG9jdW1lbnQuQXBpIn0.BgRvaMIOTERzTSVDMzJYpwerhgmGnyb3J91FbnMkvYA
[debug]   Content-Type: application/json
[debug]   X-App: gherkio
[debug] request body:
{
  "id": "01HF61X49YJZ0P1Q2R3S4T5U6A",
  "name": "Gherkio Corp (Updated) wSVfy31d",
  "description": "The primary company configured by our E2E test.",
  "isActive": true
}
[debug] response body:
<empty>
    [32mWhen[0m [32mI call API "UpdateCompany" with body:[0m                                                   [1;30m# steps_godog.go:47 -> github.com/muhfaris/gherkio/internal/cli/cmd.runRun.InitializeScenario.func3.16[0m
      [36m"""[0m
      [36m{[0m
      [36m  "id": "{{.store.companyId}}",[0m
      [36m  "name": "Gherkio Corp (Updated) {{fnRandomString 8}}",[0m
      [36m  "description": "The primary company configured by our E2E test.",[0m
      [36m  "isActive": true[0m
      [36m}[0m
      [36m"""[0m
    [32mThen[0m [32mresponse status should be 204[0m                                                           [1;30m# steps_godog.go:47 -> github.com/muhfaris/gherkio/internal/cli/cmd.runRun.InitializeScenario.func3.21[0m
    [32mGiven[0m [32mI set path params:[0m                                                                     [1;30m# steps_godog.go:47 -> github.com/muhfaris/gherkio/internal/cli/cmd.runRun.InitializeScenario.func3.11[0m
      | [36mid[0m | [36m{{.store.companyId}}[0m |

[debug] API: GetCompanyByID (GET https://bac95622f7e996a8893a0b57d16d1692.serveo.net/api/Companies/01HF61X49YJZ0P1Q2R3S4T5U6A) -> 200
[debug] request headers:
[debug]   Authorization: Bearer eyJhbGciOiJIUzI1NiIsInR5cCI6IkpXVCJ9.eyJ1bmlxdWVfbmFtZSI6InN1cGVyYWRtaW4iLCJuYW1laWQiOiIwMVNBRE1JTlVTRVIwMDAwMDAwMDAwMDAwMCIsIm5iZiI6MTc2MDgyODAyMiwiZXhwIjoxNzYxNDMyODIyLCJpYXQiOjE3NjA4MjgwMjIsImlzcyI6IkVEb2N1bWVudC5BcGkiLCJhdWQiOiJFRG9jdW1lbnQuQXBpIn0.BgRvaMIOTERzTSVDMzJYpwerhgmGnyb3J91FbnMkvYA
[debug]   Content-Type: application/json
[debug]   X-App: gherkio
[debug] request body:
{
  "id": "01HF61X49YJZ0P1Q2R3S4T5U6A",
  "name": "Gherkio Corp (Updated) wSVfy31d",
  "description": "The primary company configured by our E2E test.",
  "isActive": true
}
[debug] response body:
{
  "data": {
    "companyId": "01HF61X49YJZ0P1Q2R3S4T5U6A",
    "name": "Gherkio Corp (Updated) wSVfy31d",
    "description": "The primary company configured by our E2E test.",
    "isActive": true,
    "createdAt": "2025-10-18T03:26:23.0689345",
    "createdBy": null,
    "updatedAt": "2025-10-18T22:53:43.3154354",
    "updatedBy": "01SADMINUSER00000000000000"
  },
  "meta": null,
  "message": null
}
    [32mWhen[0m [32mI call API "GetCompanyByID"[0m                                                             [1;30m# steps_godog.go:47 -> github.com/muhfaris/gherkio/internal/cli/cmd.runRun.InitializeScenario.func3.15[0m
    [32mThen[0m [32mresponse status should be 200[0m                                                           [1;30m# steps_godog.go:47 -> github.com/muhfaris/gherkio/internal/cli/cmd.runRun.InitializeScenario.func3.21[0m
    [32mAnd[0m [32mjson "$.data.description" should equal "The primary company configured by our E2E test."[0m [1;30m# steps_godog.go:47 -> github.com/muhfaris/gherkio/internal/cli/cmd.runRun.InitializeScenario.func3.32[0m
    [32mGiven[0m [32mI set path params:[0m                                                                     [1;30m# steps_godog.go:47 -> github.com/muhfaris/gherkio/internal/cli/cmd.runRun.InitializeScenario.func3.11[0m
      | [36mcompanyId[0m | [36m{{.store.companyId}}[0m |

[debug] API: CreateOrganizationLevel (POST https://bac95622f7e996a8893a0b57d16d1692.serveo.net/api/companies/01HF61X49YJZ0P1Q2R3S4T5U6A/organization-levels) -> 201
[debug] request headers:
[debug]   Authorization: Bearer eyJhbGciOiJIUzI1NiIsInR5cCI6IkpXVCJ9.eyJ1bmlxdWVfbmFtZSI6InN1cGVyYWRtaW4iLCJuYW1laWQiOiIwMVNBRE1JTlVTRVIwMDAwMDAwMDAwMDAwMCIsIm5iZiI6MTc2MDgyODAyMiwiZXhwIjoxNzYxNDMyODIyLCJpYXQiOjE3NjA4MjgwMjIsImlzcyI6IkVEb2N1bWVudC5BcGkiLCJhdWQiOiJFRG9jdW1lbnQuQXBpIn0.BgRvaMIOTERzTSVDMzJYpwerhgmGnyb3J91FbnMkvYA
[debug]   Content-Type: application/json
[debug]   X-App: gherkio
[debug] request body:
{
  "name": "Department wO7QR1H3"
}
[debug] response body:
{
  "data": {
    "id": "01K7WRES2EQAAM0BQ0BAC5DFQ3"
  },
  "meta": null,
  "message": null
}
    [32mWhen[0m [32mI call API "CreateOrganizationLevel" with body:[0m                                         [1;30m# steps_godog.go:47 -> github.com/muhfaris/gherkio/internal/cli/cmd.runRun.InitializeScenario.func3.16[0m
      [36m"""[0m
      [36m{[0m
      [36m  "name": "Department {{fnRandomString 8}}"[0m
      [36m}[0m
      [36m"""[0m
    [32mThen[0m [32mresponse status should be 201[0m                                                           [1;30m# steps_godog.go:47 -> github.com/muhfaris/gherkio/internal/cli/cmd.runRun.InitializeScenario.func3.21[0m
    [32mAnd[0m [32mjson "$.data.id" should not be empty[0m                                                     [1;30m# steps_godog.go:47 -> github.com/muhfaris/gherkio/internal/cli/cmd.runRun.InitializeScenario.func3.37[0m
    [32mAnd[0m [32msave "$.data.id" as "departmentLevelId"[0m                                                  [1;30m# steps_godog.go:47 -> github.com/muhfaris/gherkio/internal/cli/cmd.runRun.InitializeScenario.func3.29[0m
    [32mGiven[0m [32mI set path params:[0m                                                                     [1;30m# steps_godog.go:47 -> github.com/muhfaris/gherkio/internal/cli/cmd.runRun.InitializeScenario.func3.11[0m
      | [36mcompanyId[0m | [36m{{.store.companyId}}[0m |

[debug] API: CreateOrganizationLevel (POST https://bac95622f7e996a8893a0b57d16d1692.serveo.net/api/companies/01HF61X49YJZ0P1Q2R3S4T5U6A/organization-levels) -> 201
[debug] request headers:
[debug]   Authorization: Bearer eyJhbGciOiJIUzI1NiIsInR5cCI6IkpXVCJ9.eyJ1bmlxdWVfbmFtZSI6InN1cGVyYWRtaW4iLCJuYW1laWQiOiIwMVNBRE1JTlVTRVIwMDAwMDAwMDAwMDAwMCIsIm5iZiI6MTc2MDgyODAyMiwiZXhwIjoxNzYxNDMyODIyLCJpYXQiOjE3NjA4MjgwMjIsImlzcyI6IkVEb2N1bWVudC5BcGkiLCJhdWQiOiJFRG9jdW1lbnQuQXBpIn0.BgRvaMIOTERzTSVDMzJYpwerhgmGnyb3J91FbnMkvYA
[debug]   Content-Type: application/json
[debug]   X-App: gherkio
[debug] request body:
{
  "name": "Division m46X3WCj",
  "parentLevelId": "01K7WRES2EQAAM0BQ0BAC5DFQ3"
}
[debug] response body:
{
  "data": {
    "id": "01K7WRESBGJHEXDWDANK01QDJY"
  },
  "meta": null,
  "message": null
}
    [32mWhen[0m [32mI call API "CreateOrganizationLevel" with body:[0m                                         [1;30m# steps_godog.go:47 -> github.com/muhfaris/gherkio/internal/cli/cmd.runRun.InitializeScenario.func3.16[0m
      [36m"""[0m
      [36m{[0m
      [36m  "name": "Division {{fnRandomString 8}}",[0m
      [36m  "parentLevelId": "{{.store.departmentLevelId}}"[0m
      [36m}[0m
      [36m"""[0m
    [32mThen[0m [32mresponse status should be 201[0m                                                           [1;30m# steps_godog.go:47 -> github.com/muhfaris/gherkio/internal/cli/cmd.runRun.InitializeScenario.func3.21[0m
    [32mAnd[0m [32mjson "$.data.id" should not be empty[0m                                                     [1;30m# steps_godog.go:47 -> github.com/muhfaris/gherkio/internal/cli/cmd.runRun.InitializeScenario.func3.37[0m
    [32mAnd[0m [32msave "$.data.id" as "divisionLevelId"[0m                                                    [1;30m# steps_godog.go:47 -> github.com/muhfaris/gherkio/internal/cli/cmd.runRun.InitializeScenario.func3.29[0m
    [32mGiven[0m [32mI set path params:[0m                                                                     [1;30m# steps_godog.go:47 -> github.com/muhfaris/gherkio/internal/cli/cmd.runRun.InitializeScenario.func3.11[0m
      | [36mcompanyId[0m | [36m{{.store.companyId}}[0m |

[debug] API: CreateOrganizationLevel (POST https://bac95622f7e996a8893a0b57d16d1692.serveo.net/api/companies/01HF61X49YJZ0P1Q2R3S4T5U6A/organization-levels) -> 201
[debug] request headers:
[debug]   Authorization: Bearer eyJhbGciOiJIUzI1NiIsInR5cCI6IkpXVCJ9.eyJ1bmlxdWVfbmFtZSI6InN1cGVyYWRtaW4iLCJuYW1laWQiOiIwMVNBRE1JTlVTRVIwMDAwMDAwMDAwMDAwMCIsIm5iZiI6MTc2MDgyODAyMiwiZXhwIjoxNzYxNDMyODIyLCJpYXQiOjE3NjA4MjgwMjIsImlzcyI6IkVEb2N1bWVudC5BcGkiLCJhdWQiOiJFRG9jdW1lbnQuQXBpIn0.BgRvaMIOTERzTSVDMzJYpwerhgmGnyb3J91FbnMkvYA
[debug]   Content-Type: application/json
[debug]   X-App: gherkio
[debug] request body:
{
  "name": "Unit R7vSQjgl",
  "parentLevelId": "01K7WRESBGJHEXDWDANK01QDJY"
}
[debug] response body:
{
  "data": {
    "id": "01K7WRESMR0DCSCMNDZ5MPPNGF"
  },
  "meta": null,
  "message": null
}
    [32mWhen[0m [32mI call API "CreateOrganizationLevel" with body:[0m                                         [1;30m# steps_godog.go:47 -> github.com/muhfaris/gherkio/internal/cli/cmd.runRun.InitializeScenario.func3.16[0m
      [36m"""[0m
      [36m{[0m
      [36m  "name": "Unit {{fnRandomString 8}}",[0m
      [36m  "parentLevelId": "{{.store.divisionLevelId}}"[0m
      [36m}[0m
      [36m"""[0m
    [32mThen[0m [32mresponse status should be 201[0m                                                           [1;30m# steps_godog.go:47 -> github.com/muhfaris/gherkio/internal/cli/cmd.runRun.InitializeScenario.func3.21[0m
    [32mAnd[0m [32mjson "$.data.id" should not be empty[0m                                                     [1;30m# steps_godog.go:47 -> github.com/muhfaris/gherkio/internal/cli/cmd.runRun.InitializeScenario.func3.37[0m
    [32mAnd[0m [32msave "$.data.id" as "unitLevelId"[0m                                                        [1;30m# steps_godog.go:47 -> github.com/muhfaris/gherkio/internal/cli/cmd.runRun.InitializeScenario.func3.29[0m
    [32mGiven[0m [32mI set path params:[0m                                                                     [1;30m# steps_godog.go:47 -> github.com/muhfaris/gherkio/internal/cli/cmd.runRun.InitializeScenario.func3.11[0m
      | [36mcompanyId[0m | [36m{{.store.companyId}}[0m |

[debug] API: CreateOrganizationLevel (POST https://bac95622f7e996a8893a0b57d16d1692.serveo.net/api/companies/01HF61X49YJZ0P1Q2R3S4T5U6A/organization-levels) -> 201
[debug] request headers:
[debug]   Authorization: Bearer eyJhbGciOiJIUzI1NiIsInR5cCI6IkpXVCJ9.eyJ1bmlxdWVfbmFtZSI6InN1cGVyYWRtaW4iLCJuYW1laWQiOiIwMVNBRE1JTlVTRVIwMDAwMDAwMDAwMDAwMCIsIm5iZiI6MTc2MDgyODAyMiwiZXhwIjoxNzYxNDMyODIyLCJpYXQiOjE3NjA4MjgwMjIsImlzcyI6IkVEb2N1bWVudC5BcGkiLCJhdWQiOiJFRG9jdW1lbnQuQXBpIn0.BgRvaMIOTERzTSVDMzJYpwerhgmGnyb3J91FbnMkvYA
[debug]   Content-Type: application/json
[debug]   X-App: gherkio
[debug] request body:
{
  "name": "Team 9P8OYpzn",
  "parentLevelId": "01K7WRESMR0DCSCMNDZ5MPPNGF"
}
[debug] response body:
{
  "data": {
    "id": "01K7WRESY2VBJXGQR3XQW93P1C"
  },
  "meta": null,
  "message": null
}
    [32mWhen[0m [32mI call API "CreateOrganizationLevel" with body:[0m                                         [1;30m# steps_godog.go:47 -> github.com/muhfaris/gherkio/internal/cli/cmd.runRun.InitializeScenario.func3.16[0m
      [36m"""[0m
      [36m{[0m
      [36m  "name": "Team {{fnRandomString 8}}",[0m
      [36m  "parentLevelId": "{{.store.unitLevelId}}"[0m
      [36m}[0m
      [36m"""[0m
    [32mThen[0m [32mresponse status should be 201[0m                                                           [1;30m# steps_godog.go:47 -> github.com/muhfaris/gherkio/internal/cli/cmd.runRun.InitializeScenario.func3.21[0m
    [32mAnd[0m [32mjson "$.data.id" should not be empty[0m                                                     [1;30m# steps_godog.go:47 -> github.com/muhfaris/gherkio/internal/cli/cmd.runRun.InitializeScenario.func3.37[0m
    [32mAnd[0m [32msave "$.data.id" as "teamLevelId"[0m                                                        [1;30m# steps_godog.go:47 -> github.com/muhfaris/gherkio/internal/cli/cmd.runRun.InitializeScenario.func3.29[0m
    [32mGiven[0m [32mI set path params:[0m                                                                     [1;30m# steps_godog.go:47 -> github.com/muhfaris/gherkio/internal/cli/cmd.runRun.InitializeScenario.func3.11[0m
      | [36mcompanyId[0m | [36m{{.store.companyId}}[0m |

[debug] API: GetOrganizationNodes (GET https://bac95622f7e996a8893a0b57d16d1692.serveo.net/api/companies/01HF61X49YJZ0P1Q2R3S4T5U6A/organization-nodes) -> 200
[debug] request headers:
[debug]   Authorization: Bearer eyJhbGciOiJIUzI1NiIsInR5cCI6IkpXVCJ9.eyJ1bmlxdWVfbmFtZSI6InN1cGVyYWRtaW4iLCJuYW1laWQiOiIwMVNBRE1JTlVTRVIwMDAwMDAwMDAwMDAwMCIsIm5iZiI6MTc2MDgyODAyMiwiZXhwIjoxNzYxNDMyODIyLCJpYXQiOjE3NjA4MjgwMjIsImlzcyI6IkVEb2N1bWVudC5BcGkiLCJhdWQiOiJFRG9jdW1lbnQuQXBpIn0.BgRvaMIOTERzTSVDMzJYpwerhgmGnyb3J91FbnMkvYA
[debug]   Content-Type: application/json
[debug]   X-App: gherkio
[debug] request body:
{
  "name": "Team 9P8OYpzn",
  "parentLevelId": "01K7WRESMR0DCSCMNDZ5MPPNGF"
}
[debug] response body:
{
  "data": [],
  "meta": {
    "totalItems": 0
  },
  "message": null
}
    [32mWhen[0m [32mI call API "GetOrganizationNodes"[0m                                                       [1;30m# steps_godog.go:47 -> github.com/muhfaris/gherkio/internal/cli/cmd.runRun.InitializeScenario.func3.15[0m
    [32mThen[0m [32mresponse status should be 200[0m                                                           [1;30m# steps_godog.go:47 -> github.com/muhfaris/gherkio/internal/cli/cmd.runRun.InitializeScenario.func3.21[0m
    [32mAnd[0m [32mI clear query params[0m                                                                     [1;30m# steps_godog.go:47 -> github.com/muhfaris/gherkio/internal/cli/cmd.runRun.InitializeScenario.func3.13[0m
    [32mGiven[0m [32mI set path params:[0m                                                                     [1;30m# steps_godog.go:47 -> github.com/muhfaris/gherkio/internal/cli/cmd.runRun.InitializeScenario.func3.11[0m
      | [36mcompanyId[0m | [36m{{.store.companyId}}[0m |

[debug] API: CreateOrganizationNode (POST https://bac95622f7e996a8893a0b57d16d1692.serveo.net/api/companies/01HF61X49YJZ0P1Q2R3S4T5U6A/organization-nodes) -> 201
[debug] request headers:
[debug]   Authorization: Bearer eyJhbGciOiJIUzI1NiIsInR5cCI6IkpXVCJ9.eyJ1bmlxdWVfbmFtZSI6InN1cGVyYWRtaW4iLCJuYW1laWQiOiIwMVNBRE1JTlVTRVIwMDAwMDAwMDAwMDAwMCIsIm5iZiI6MTc2MDgyODAyMiwiZXhwIjoxNzYxNDMyODIyLCJpYXQiOjE3NjA4MjgwMjIsImlzcyI6IkVEb2N1bWVudC5BcGkiLCJhdWQiOiJFRG9jdW1lbnQuQXBpIn0.BgRvaMIOTERzTSVDMzJYpwerhgmGnyb3J91FbnMkvYA
[debug]   Content-Type: application/json
[debug]   X-App: gherkio
[debug] request body:
{
  "name": "Departemen Keuangan 8YEbXJFS",
  "organizationLevelId": "01K7WRES2EQAAM0BQ0BAC5DFQ3"
}
[debug] response body:
{
  "data": {
    "id": "01K7WRETKQR5W6Q1MKMPGEYRS3"
  },
  "meta": null,
  "message": null
}
    [32mWhen[0m [32mI call API "CreateOrganizationNode" with body:[0m                                          [1;30m# steps_godog.go:47 -> github.com/muhfaris/gherkio/internal/cli/cmd.runRun.InitializeScenario.func3.16[0m
      [36m"""[0m
      [36m{[0m
      [36m  "name": "Departemen Keuangan {{fnRandomString 8}}",[0m
      [36m  "organizationLevelId": "{{.store.departmentLevelId}}"[0m
      [36m}[0m
      [36m"""[0m
    [32mThen[0m [32mresponse status should be 201[0m                                                           [1;30m# steps_godog.go:47 -> github.com/muhfaris/gherkio/internal/cli/cmd.runRun.InitializeScenario.func3.21[0m
    [32mAnd[0m [32mjson "$.data.id" should not be empty[0m                                                     [1;30m# steps_godog.go:47 -> github.com/muhfaris/gherkio/internal/cli/cmd.runRun.InitializeScenario.func3.37[0m
    [32mAnd[0m [32msave "$.data.id" as "deptKeuanganId"[0m                                                     [1;30m# steps_godog.go:47 -> github.com/muhfaris/gherkio/internal/cli/cmd.runRun.InitializeScenario.func3.29[0m
    [32mAnd[0m [32msave request json "$.name" as "deptKeuanganName"[0m                                         [1;30m# steps_godog.go:47 -> github.com/muhfaris/gherkio/internal/cli/cmd.runRun.InitializeScenario.func3.30[0m
    [32mGiven[0m [32mI set path params:[0m                                                                     [1;30m# steps_godog.go:47 -> github.com/muhfaris/gherkio/internal/cli/cmd.runRun.InitializeScenario.func3.11[0m
      | [36mcompanyId[0m | [36m{{.store.companyId}}[0m |

[debug] API: CreateOrganizationNode (POST https://bac95622f7e996a8893a0b57d16d1692.serveo.net/api/companies/01HF61X49YJZ0P1Q2R3S4T5U6A/organization-nodes) -> 201
[debug] request headers:
[debug]   Authorization: Bearer eyJhbGciOiJIUzI1NiIsInR5cCI6IkpXVCJ9.eyJ1bmlxdWVfbmFtZSI6InN1cGVyYWRtaW4iLCJuYW1laWQiOiIwMVNBRE1JTlVTRVIwMDAwMDAwMDAwMDAwMCIsIm5iZiI6MTc2MDgyODAyMiwiZXhwIjoxNzYxNDMyODIyLCJpYXQiOjE3NjA4MjgwMjIsImlzcyI6IkVEb2N1bWVudC5BcGkiLCJhdWQiOiJFRG9jdW1lbnQuQXBpIn0.BgRvaMIOTERzTSVDMzJYpwerhgmGnyb3J91FbnMkvYA
[debug]   Content-Type: application/json
[debug]   X-App: gherkio
[debug] request body:
{
  "name": "Divisi Akuntansi nd4zee1v",
  "organizationLevelId": "01K7WRESBGJHEXDWDANK01QDJY",
  "parentOrganizationId": "01K7WRETKQR5W6Q1MKMPGEYRS3"
}
[debug] response body:
{
  "data": {
    "id": "01K7WRETXNKMJXRJDYT1JHA68P"
  },
  "meta": null,
  "message": null
}
    [32mWhen[0m [32mI call API "CreateOrganizationNode" with body:[0m                                          [1;30m# steps_godog.go:47 -> github.com/muhfaris/gherkio/internal/cli/cmd.runRun.InitializeScenario.func3.16[0m
      [36m"""[0m
      [36m{[0m
      [36m  "name": "Divisi Akuntansi {{fnRandomString 8}}",[0m
      [36m  "organizationLevelId": "{{.store.divisionLevelId}}",[0m
      [36m  "parentOrganizationId": "{{.store.deptKeuanganId}}"[0m
      [36m}[0m
      [36m"""[0m
    [32mThen[0m [32mresponse status should be 201[0m                                                           [1;30m# steps_godog.go:47 -> github.com/muhfaris/gherkio/internal/cli/cmd.runRun.InitializeScenario.func3.21[0m
    [32mAnd[0m [32mjson "$.data.id" should not be empty[0m                                                     [1;30m# steps_godog.go:47 -> github.com/muhfaris/gherkio/internal/cli/cmd.runRun.InitializeScenario.func3.37[0m
    [32mAnd[0m [32msave "$.data.id" as "divisiAkuntansiId"[0m                                                  [1;30m# steps_godog.go:47 -> github.com/muhfaris/gherkio/internal/cli/cmd.runRun.InitializeScenario.func3.29[0m
    [32mGiven[0m [32mI set path params:[0m                                                                     [1;30m# steps_godog.go:47 -> github.com/muhfaris/gherkio/internal/cli/cmd.runRun.InitializeScenario.func3.11[0m
      | [36mcompanyId[0m | [36m{{.store.companyId}}[0m |

[debug] API: CreateOrganizationNode (POST https://bac95622f7e996a8893a0b57d16d1692.serveo.net/api/companies/01HF61X49YJZ0P1Q2R3S4T5U6A/organization-nodes) -> 201
[debug] request headers:
[debug]   Authorization: Bearer eyJhbGciOiJIUzI1NiIsInR5cCI6IkpXVCJ9.eyJ1bmlxdWVfbmFtZSI6InN1cGVyYWRtaW4iLCJuYW1laWQiOiIwMVNBRE1JTlVTRVIwMDAwMDAwMDAwMDAwMCIsIm5iZiI6MTc2MDgyODAyMiwiZXhwIjoxNzYxNDMyODIyLCJpYXQiOjE3NjA4MjgwMjIsImlzcyI6IkVEb2N1bWVudC5BcGkiLCJhdWQiOiJFRG9jdW1lbnQuQXBpIn0.BgRvaMIOTERzTSVDMzJYpwerhgmGnyb3J91FbnMkvYA
[debug]   Content-Type: application/json
[debug]   X-App: gherkio
[debug] request body:
{
  "name": "Divisi Pajak 1Y8sIl3o",
  "organizationLevelId": "01K7WRESBGJHEXDWDANK01QDJY",
  "parentOrganizationId": "01K7WRETKQR5W6Q1MKMPGEYRS3"
}
[debug] response body:
{
  "data": {
    "id": "01K7WREV737MBB8GJWHH1TWF46"
  },
  "meta": null,
  "message": null
}
    [32mWhen[0m [32mI call API "CreateOrganizationNode" with body:[0m                                          [1;30m# steps_godog.go:47 -> github.com/muhfaris/gherkio/internal/cli/cmd.runRun.InitializeScenario.func3.16[0m
      [36m"""[0m
      [36m{[0m
      [36m  "name": "Divisi Pajak {{fnRandomString 8}}",[0m
      [36m  "organizationLevelId": "{{.store.divisionLevelId}}",[0m
      [36m  "parentOrganizationId": "{{.store.deptKeuanganId}}"[0m
      [36m}[0m
      [36m"""[0m
    [32mThen[0m [32mresponse status should be 201[0m                                                           [1;30m# steps_godog.go:47 -> github.com/muhfaris/gherkio/internal/cli/cmd.runRun.InitializeScenario.func3.21[0m
    [32mAnd[0m [32mjson "$.data.id" should not be empty[0m                                                     [1;30m# steps_godog.go:47 -> github.com/muhfaris/gherkio/internal/cli/cmd.runRun.InitializeScenario.func3.37[0m
    [32mAnd[0m [32msave "$.data.id" as "divisiPajakId"[0m                                                      [1;30m# steps_godog.go:47 -> github.com/muhfaris/gherkio/internal/cli/cmd.runRun.InitializeScenario.func3.29[0m
    [32mGiven[0m [32mI set path params:[0m                                                                     [1;30m# steps_godog.go:47 -> github.com/muhfaris/gherkio/internal/cli/cmd.runRun.InitializeScenario.func3.11[0m
      | [36mcompanyId[0m | [36m{{.store.companyId}}[0m |

[debug] API: CreateOrganizationNode (POST https://bac95622f7e996a8893a0b57d16d1692.serveo.net/api/companies/01HF61X49YJZ0P1Q2R3S4T5U6A/organization-nodes) -> 201
[debug] request headers:
[debug]   Authorization: Bearer eyJhbGciOiJIUzI1NiIsInR5cCI6IkpXVCJ9.eyJ1bmlxdWVfbmFtZSI6InN1cGVyYWRtaW4iLCJuYW1laWQiOiIwMVNBRE1JTlVTRVIwMDAwMDAwMDAwMDAwMCIsIm5iZiI6MTc2MDgyODAyMiwiZXhwIjoxNzYxNDMyODIyLCJpYXQiOjE3NjA4MjgwMjIsImlzcyI6IkVEb2N1bWVudC5BcGkiLCJhdWQiOiJFRG9jdW1lbnQuQXBpIn0.BgRvaMIOTERzTSVDMzJYpwerhgmGnyb3J91FbnMkvYA
[debug]   Content-Type: application/json
[debug]   X-App: gherkio
[debug] request body:
{
  "name": "Divisi Anggaran GWx1LpWL",
  "organizationLevelId": "01K7WRESBGJHEXDWDANK01QDJY",
  "parentOrganizationId": "01K7WRETKQR5W6Q1MKMPGEYRS3"
}
[debug] response body:
{
  "data": {
    "id": "01K7WREVG69B3BX9MPQ6DY897Q"
  },
  "meta": null,
  "message": null
}
    [32mWhen[0m [32mI call API "CreateOrganizationNode" with body:[0m                                          [1;30m# steps_godog.go:47 -> github.com/muhfaris/gherkio/internal/cli/cmd.runRun.InitializeScenario.func3.16[0m
      [36m"""[0m
      [36m{[0m
      [36m  "name": "Divisi Anggaran {{fnRandomString 8}}",[0m
      [36m  "organizationLevelId": "{{.store.divisionLevelId}}",[0m
      [36m  "parentOrganizationId": "{{.store.deptKeuanganId}}"[0m
      [36m}[0m
      [36m"""[0m
    [32mThen[0m [32mresponse status should be 201[0m                                                           [1;30m# steps_godog.go:47 -> github.com/muhfaris/gherkio/internal/cli/cmd.runRun.InitializeScenario.func3.21[0m
    [32mAnd[0m [32mjson "$.data.id" should not be empty[0m                                                     [1;30m# steps_godog.go:47 -> github.com/muhfaris/gherkio/internal/cli/cmd.runRun.InitializeScenario.func3.37[0m
    [32mAnd[0m [32msave "$.data.id" as "divisiAnggaranId"[0m                                                   [1;30m# steps_godog.go:47 -> github.com/muhfaris/gherkio/internal/cli/cmd.runRun.InitializeScenario.func3.29[0m
    [32mGiven[0m [32mI set path params:[0m                                                                     [1;30m# steps_godog.go:47 -> github.com/muhfaris/gherkio/internal/cli/cmd.runRun.InitializeScenario.func3.11[0m
      | [36mcompanyId[0m | [36m{{.store.companyId}}[0m |

[debug] API: CreateOrganizationNode (POST https://bac95622f7e996a8893a0b57d16d1692.serveo.net/api/companies/01HF61X49YJZ0P1Q2R3S4T5U6A/organization-nodes) -> 201
[debug] request headers:
[debug]   Authorization: Bearer eyJhbGciOiJIUzI1NiIsInR5cCI6IkpXVCJ9.eyJ1bmlxdWVfbmFtZSI6InN1cGVyYWRtaW4iLCJuYW1laWQiOiIwMVNBRE1JTlVTRVIwMDAwMDAwMDAwMDAwMCIsIm5iZiI6MTc2MDgyODAyMiwiZXhwIjoxNzYxNDMyODIyLCJpYXQiOjE3NjA4MjgwMjIsImlzcyI6IkVEb2N1bWVudC5BcGkiLCJhdWQiOiJFRG9jdW1lbnQuQXBpIn0.BgRvaMIOTERzTSVDMzJYpwerhgmGnyb3J91FbnMkvYA
[debug]   Content-Type: application/json
[debug]   X-App: gherkio
[debug] request body:
{
  "name": "Departemen SDM bWQXDi72",
  "organizationLevelId": "01K7WRES2EQAAM0BQ0BAC5DFQ3"
}
[debug] response body:
{
  "data": {
    "id": "01K7WREVSA8V2S0GA1HHY0ZVQZ"
  },
  "meta": null,
  "message": null
}
    [32mWhen[0m [32mI call API "CreateOrganizationNode" with body:[0m                                          [1;30m# steps_godog.go:47 -> github.com/muhfaris/gherkio/internal/cli/cmd.runRun.InitializeScenario.func3.16[0m
      [36m"""[0m
      [36m{[0m
      [36m  "name": "Departemen SDM {{fnRandomString 8}}",[0m
      [36m  "organizationLevelId": "{{.store.departmentLevelId}}"[0m
      [36m}[0m
      [36m"""[0m
    [32mThen[0m [32mresponse status should be 201[0m                                                           [1;30m# steps_godog.go:47 -> github.com/muhfaris/gherkio/internal/cli/cmd.runRun.InitializeScenario.func3.21[0m
    [32mAnd[0m [32mjson "$.data.id" should not be empty[0m                                                     [1;30m# steps_godog.go:47 -> github.com/muhfaris/gherkio/internal/cli/cmd.runRun.InitializeScenario.func3.37[0m
    [32mAnd[0m [32msave "$.data.id" as "deptSdmId"[0m                                                          [1;30m# steps_godog.go:47 -> github.com/muhfaris/gherkio/internal/cli/cmd.runRun.InitializeScenario.func3.29[0m
    [32mGiven[0m [32mI set path params:[0m                                                                     [1;30m# steps_godog.go:47 -> github.com/muhfaris/gherkio/internal/cli/cmd.runRun.InitializeScenario.func3.11[0m
      | [36mcompanyId[0m | [36m{{.store.companyId}}[0m |

[debug] API: CreateOrganizationNode (POST https://bac95622f7e996a8893a0b57d16d1692.serveo.net/api/companies/01HF61X49YJZ0P1Q2R3S4T5U6A/organization-nodes) -> 201
[debug] request headers:
[debug]   Authorization: Bearer eyJhbGciOiJIUzI1NiIsInR5cCI6IkpXVCJ9.eyJ1bmlxdWVfbmFtZSI6InN1cGVyYWRtaW4iLCJuYW1laWQiOiIwMVNBRE1JTlVTRVIwMDAwMDAwMDAwMDAwMCIsIm5iZiI6MTc2MDgyODAyMiwiZXhwIjoxNzYxNDMyODIyLCJpYXQiOjE3NjA4MjgwMjIsImlzcyI6IkVEb2N1bWVudC5BcGkiLCJhdWQiOiJFRG9jdW1lbnQuQXBpIn0.BgRvaMIOTERzTSVDMzJYpwerhgmGnyb3J91FbnMkvYA
[debug]   Content-Type: application/json
[debug]   X-App: gherkio
[debug] request body:
{
  "name": "Divisi Rekrutmen yQvRkHom",
  "organizationLevelId": "01K7WRESBGJHEXDWDANK01QDJY",
  "parentOrganizationId": "01K7WREVSA8V2S0GA1HHY0ZVQZ"
}
[debug] response body:
{
  "data": {
    "id": "01K7WREW2E2HER3GR622J60VNY"
  },
  "meta": null,
  "message": null
}
    [32mWhen[0m [32mI call API "CreateOrganizationNode" with body:[0m                                          [1;30m# steps_godog.go:47 -> github.com/muhfaris/gherkio/internal/cli/cmd.runRun.InitializeScenario.func3.16[0m
      [36m"""[0m
      [36m{[0m
      [36m  "name": "Divisi Rekrutmen {{fnRandomString 8}}",[0m
      [36m  "organizationLevelId": "{{.store.divisionLevelId}}",[0m
      [36m  "parentOrganizationId": "{{.store.deptSdmId}}"[0m
      [36m}[0m
      [36m"""[0m
    [32mThen[0m [32mresponse status should be 201[0m                                                           [1;30m# steps_godog.go:47 -> github.com/muhfaris/gherkio/internal/cli/cmd.runRun.InitializeScenario.func3.21[0m
    [32mGiven[0m [32mI set path params:[0m                                                                     [1;30m# steps_godog.go:47 -> github.com/muhfaris/gherkio/internal/cli/cmd.runRun.InitializeScenario.func3.11[0m
      | [36mcompanyId[0m | [36m{{.store.companyId}}[0m |

[debug] API: CreateOrganizationNode (POST https://bac95622f7e996a8893a0b57d16d1692.serveo.net/api/companies/01HF61X49YJZ0P1Q2R3S4T5U6A/organization-nodes) -> 201
[debug] request headers:
[debug]   Authorization: Bearer eyJhbGciOiJIUzI1NiIsInR5cCI6IkpXVCJ9.eyJ1bmlxdWVfbmFtZSI6InN1cGVyYWRtaW4iLCJuYW1laWQiOiIwMVNBRE1JTlVTRVIwMDAwMDAwMDAwMDAwMCIsIm5iZiI6MTc2MDgyODAyMiwiZXhwIjoxNzYxNDMyODIyLCJpYXQiOjE3NjA4MjgwMjIsImlzcyI6IkVEb2N1bWVudC5BcGkiLCJhdWQiOiJFRG9jdW1lbnQuQXBpIn0.BgRvaMIOTERzTSVDMzJYpwerhgmGnyb3J91FbnMkvYA
[debug]   Content-Type: application/json
[debug]   X-App: gherkio
[debug] request body:
{
  "name": "Divisi Pengembangan Karyawan XhZUOAIt",
  "organizationLevelId": "01K7WRESBGJHEXDWDANK01QDJY",
  "parentOrganizationId": "01K7WREVSA8V2S0GA1HHY0ZVQZ"
}
[debug] response body:
{
  "data": {
    "id": "01K7WREWBJATS2ZYDJCGV4131W"
  },
  "meta": null,
  "message": null
}
    [32mWhen[0m [32mI call API "CreateOrganizationNode" with body:[0m                                          [1;30m# steps_godog.go:47 -> github.com/muhfaris/gherkio/internal/cli/cmd.runRun.InitializeScenario.func3.16[0m
      [36m"""[0m
      [36m{[0m
      [36m  "name": "Divisi Pengembangan Karyawan {{fnRandomString 8}}",[0m
      [36m  "organizationLevelId": "{{.store.divisionLevelId}}",[0m
      [36m  "parentOrganizationId": "{{.store.deptSdmId}}"[0m
      [36m}[0m
      [36m"""[0m
    [32mThen[0m [32mresponse status should be 201[0m                                                           [1;30m# steps_godog.go:47 -> github.com/muhfaris/gherkio/internal/cli/cmd.runRun.InitializeScenario.func3.21[0m
    [32mGiven[0m [32mI set path params:[0m                                                                     [1;30m# steps_godog.go:47 -> github.com/muhfaris/gherkio/internal/cli/cmd.runRun.InitializeScenario.func3.11[0m
      | [36mcompanyId[0m | [36m{{.store.companyId}}[0m |

[debug] API: CreateOrganizationNode (POST https://bac95622f7e996a8893a0b57d16d1692.serveo.net/api/companies/01HF61X49YJZ0P1Q2R3S4T5U6A/organization-nodes) -> 201
[debug] request headers:
[debug]   Authorization: Bearer eyJhbGciOiJIUzI1NiIsInR5cCI6IkpXVCJ9.eyJ1bmlxdWVfbmFtZSI6InN1cGVyYWRtaW4iLCJuYW1laWQiOiIwMVNBRE1JTlVTRVIwMDAwMDAwMDAwMDAwMCIsIm5iZiI6MTc2MDgyODAyMiwiZXhwIjoxNzYxNDMyODIyLCJpYXQiOjE3NjA4MjgwMjIsImlzcyI6IkVEb2N1bWVudC5BcGkiLCJhdWQiOiJFRG9jdW1lbnQuQXBpIn0.BgRvaMIOTERzTSVDMzJYpwerhgmGnyb3J91FbnMkvYA
[debug]   Content-Type: application/json
[debug]   X-App: gherkio
[debug] request body:
{
  "name": "Departemen Teknologi CSu1pokk",
  "organizationLevelId": "01K7WRES2EQAAM0BQ0BAC5DFQ3"
}
[debug] response body:
{
  "data": {
    "id": "01K7WREWMN08N3QM5JNSTKG21M"
  },
  "meta": null,
  "message": null
}
    [32mWhen[0m [32mI call API "CreateOrganizationNode" with body:[0m                                          [1;30m# steps_godog.go:47 -> github.com/muhfaris/gherkio/internal/cli/cmd.runRun.InitializeScenario.func3.16[0m
      [36m"""[0m
      [36m{[0m
      [36m  "name": "Departemen Teknologi {{fnRandomString 8}}",[0m
      [36m  "organizationLevelId": "{{.store.departmentLevelId}}"[0m
      [36m}[0m
      [36m"""[0m
    [32mThen[0m [32mresponse status should be 201[0m                                                           [1;30m# steps_godog.go:47 -> github.com/muhfaris/gherkio/internal/cli/cmd.runRun.InitializeScenario.func3.21[0m
    [32mAnd[0m [32mjson "$.data.id" should not be empty[0m                                                     [1;30m# steps_godog.go:47 -> github.com/muhfaris/gherkio/internal/cli/cmd.runRun.InitializeScenario.func3.37[0m
    [32mAnd[0m [32msave "$.data.id" as "deptTeknologiId"[0m                                                    [1;30m# steps_godog.go:47 -> github.com/muhfaris/gherkio/internal/cli/cmd.runRun.InitializeScenario.func3.29[0m
    [32mGiven[0m [32mI set path params:[0m                                                                     [1;30m# steps_godog.go:47 -> github.com/muhfaris/gherkio/internal/cli/cmd.runRun.InitializeScenario.func3.11[0m
      | [36mcompanyId[0m | [36m{{.store.companyId}}[0m |

[debug] API: CreateOrganizationNode (POST https://bac95622f7e996a8893a0b57d16d1692.serveo.net/api/companies/01HF61X49YJZ0P1Q2R3S4T5U6A/organization-nodes) -> 201
[debug] request headers:
[debug]   Authorization: Bearer eyJhbGciOiJIUzI1NiIsInR5cCI6IkpXVCJ9.eyJ1bmlxdWVfbmFtZSI6InN1cGVyYWRtaW4iLCJuYW1laWQiOiIwMVNBRE1JTlVTRVIwMDAwMDAwMDAwMDAwMCIsIm5iZiI6MTc2MDgyODAyMiwiZXhwIjoxNzYxNDMyODIyLCJpYXQiOjE3NjA4MjgwMjIsImlzcyI6IkVEb2N1bWVudC5BcGkiLCJhdWQiOiJFRG9jdW1lbnQuQXBpIn0.BgRvaMIOTERzTSVDMzJYpwerhgmGnyb3J91FbnMkvYA
[debug]   Content-Type: application/json
[debug]   X-App: gherkio
[debug] request body:
{
  "name": "Divisi Software 2PYPC3E5",
  "organizationLevelId": "01K7WRESBGJHEXDWDANK01QDJY",
  "parentOrganizationId": "01K7WREWMN08N3QM5JNSTKG21M"
}
[debug] response body:
{
  "data": {
    "id": "01K7WREWXXX3FCM56TNK08W4NF"
  },
  "meta": null,
  "message": null
}
    [32mWhen[0m [32mI call API "CreateOrganizationNode" with body:[0m                                          [1;30m# steps_godog.go:47 -> github.com/muhfaris/gherkio/internal/cli/cmd.runRun.InitializeScenario.func3.16[0m
      [36m"""[0m
      [36m{[0m
      [36m  "name": "Divisi Software {{fnRandomString 8}}",[0m
      [36m  "organizationLevelId": "{{.store.divisionLevelId}}",[0m
      [36m  "parentOrganizationId": "{{.store.deptTeknologiId}}"[0m
      [36m}[0m
      [36m"""[0m
    [32mThen[0m [32mresponse status should be 201[0m                                                           [1;30m# steps_godog.go:47 -> github.com/muhfaris/gherkio/internal/cli/cmd.runRun.InitializeScenario.func3.21[0m
    [32mGiven[0m [32mI set path params:[0m                                                                     [1;30m# steps_godog.go:47 -> github.com/muhfaris/gherkio/internal/cli/cmd.runRun.InitializeScenario.func3.11[0m
      | [36mcompanyId[0m | [36m{{.store.companyId}}[0m |

[debug] API: CreateOrganizationNode (POST https://bac95622f7e996a8893a0b57d16d1692.serveo.net/api/companies/01HF61X49YJZ0P1Q2R3S4T5U6A/organization-nodes) -> 201
[debug] request headers:
[debug]   Authorization: Bearer eyJhbGciOiJIUzI1NiIsInR5cCI6IkpXVCJ9.eyJ1bmlxdWVfbmFtZSI6InN1cGVyYWRtaW4iLCJuYW1laWQiOiIwMVNBRE1JTlVTRVIwMDAwMDAwMDAwMDAwMCIsIm5iZiI6MTc2MDgyODAyMiwiZXhwIjoxNzYxNDMyODIyLCJpYXQiOjE3NjA4MjgwMjIsImlzcyI6IkVEb2N1bWVudC5BcGkiLCJhdWQiOiJFRG9jdW1lbnQuQXBpIn0.BgRvaMIOTERzTSVDMzJYpwerhgmGnyb3J91FbnMkvYA
[debug]   Content-Type: application/json
[debug]   X-App: gherkio
[debug] request body:
{
  "name": "Divisi Infrastruktur rbfAGdos",
  "organizationLevelId": "01K7WRESBGJHEXDWDANK01QDJY",
  "parentOrganizationId": "01K7WREWMN08N3QM5JNSTKG21M"
}
[debug] response body:
{
  "data": {
    "id": "01K7WREX7BX9DZNXEGWRXB5XAV"
  },
  "meta": null,
  "message": null
}
    [32mWhen[0m [32mI call API "CreateOrganizationNode" with body:[0m                                          [1;30m# steps_godog.go:47 -> github.com/muhfaris/gherkio/internal/cli/cmd.runRun.InitializeScenario.func3.16[0m
      [36m"""[0m
      [36m{[0m
      [36m  "name": "Divisi Infrastruktur {{fnRandomString 8}}",[0m
      [36m  "organizationLevelId": "{{.store.divisionLevelId}}",[0m
      [36m  "parentOrganizationId": "{{.store.deptTeknologiId}}"[0m
      [36m}[0m
      [36m"""[0m
    [32mThen[0m [32mresponse status should be 201[0m                                                           [1;30m# steps_godog.go:47 -> github.com/muhfaris/gherkio/internal/cli/cmd.runRun.InitializeScenario.func3.21[0m
    [32mGiven[0m [32mI set path params:[0m                                                                     [1;30m# steps_godog.go:47 -> github.com/muhfaris/gherkio/internal/cli/cmd.runRun.InitializeScenario.func3.11[0m
      | [36mcompanyId[0m | [36m{{.store.companyId}}[0m |

[debug] API: CreateOrganizationNode (POST https://bac95622f7e996a8893a0b57d16d1692.serveo.net/api/companies/01HF61X49YJZ0P1Q2R3S4T5U6A/organization-nodes) -> 201
[debug] request headers:
[debug]   Authorization: Bearer eyJhbGciOiJIUzI1NiIsInR5cCI6IkpXVCJ9.eyJ1bmlxdWVfbmFtZSI6InN1cGVyYWRtaW4iLCJuYW1laWQiOiIwMVNBRE1JTlVTRVIwMDAwMDAwMDAwMDAwMCIsIm5iZiI6MTc2MDgyODAyMiwiZXhwIjoxNzYxNDMyODIyLCJpYXQiOjE3NjA4MjgwMjIsImlzcyI6IkVEb2N1bWVudC5BcGkiLCJhdWQiOiJFRG9jdW1lbnQuQXBpIn0.BgRvaMIOTERzTSVDMzJYpwerhgmGnyb3J91FbnMkvYA
[debug]   Content-Type: application/json
[debug]   X-App: gherkio
[debug] request body:
{
  "name": "Divisi QA vsNjX2xh",
  "organizationLevelId": "01K7WRESBGJHEXDWDANK01QDJY",
  "parentOrganizationId": "01K7WREWMN08N3QM5JNSTKG21M"
}
[debug] response body:
{
  "data": {
    "id": "01K7WREXGF37ZZY5CWRP590NHP"
  },
  "meta": null,
  "message": null
}
    [32mWhen[0m [32mI call API "CreateOrganizationNode" with body:[0m                                          [1;30m# steps_godog.go:47 -> github.com/muhfaris/gherkio/internal/cli/cmd.runRun.InitializeScenario.func3.16[0m
      [36m"""[0m
      [36m{[0m
      [36m  "name": "Divisi QA {{fnRandomString 8}}",[0m
      [36m  "organizationLevelId": "{{.store.divisionLevelId}}",[0m
      [36m  "parentOrganizationId": "{{.store.deptTeknologiId}}"[0m
      [36m}[0m
      [36m"""[0m
    [32mThen[0m [32mresponse status should be 201[0m                                                           [1;30m# steps_godog.go:47 -> github.com/muhfaris/gherkio/internal/cli/cmd.runRun.InitializeScenario.func3.21[0m
    [32mGiven[0m [32mI set path params:[0m                                                                     [1;30m# steps_godog.go:47 -> github.com/muhfaris/gherkio/internal/cli/cmd.runRun.InitializeScenario.func3.11[0m
      | [36mcompanyId[0m | [36m{{.store.companyId}}[0m |

[debug] API: GetOrganizationLevels (GET https://bac95622f7e996a8893a0b57d16d1692.serveo.net/api/companies/01HF61X49YJZ0P1Q2R3S4T5U6A/organization-levels) -> 200
[debug] request headers:
[debug]   Authorization: Bearer eyJhbGciOiJIUzI1NiIsInR5cCI6IkpXVCJ9.eyJ1bmlxdWVfbmFtZSI6InN1cGVyYWRtaW4iLCJuYW1laWQiOiIwMVNBRE1JTlVTRVIwMDAwMDAwMDAwMDAwMCIsIm5iZiI6MTc2MDgyODAyMiwiZXhwIjoxNzYxNDMyODIyLCJpYXQiOjE3NjA4MjgwMjIsImlzcyI6IkVEb2N1bWVudC5BcGkiLCJhdWQiOiJFRG9jdW1lbnQuQXBpIn0.BgRvaMIOTERzTSVDMzJYpwerhgmGnyb3J91FbnMkvYA
[debug]   Content-Type: application/json
[debug]   X-App: gherkio
[debug] request body:
{
  "name": "Divisi QA vsNjX2xh",
  "organizationLevelId": "01K7WRESBGJHEXDWDANK01QDJY",
  "parentOrganizationId": "01K7WREWMN08N3QM5JNSTKG21M"
}
[debug] response body:
{
  "data": [
    {
      "id": "01K7WRES2EQAAM0BQ0BAC5DFQ3",
      "name": "Department wO7QR1H3",
      "description": null,
      "sortOrder": 0,
      "parentLevelId": null,
      "parentName": null,
      "hasChildren": true
    },
    {
      "id": "01K7WRESBGJHEXDWDANK01QDJY",
      "name": "Division m46X3WCj",
      "description": null,
      "sortOrder": 1,
      "parentLevelId": "01K7WRES2EQAAM0BQ0BAC5DFQ3",
      "parentName": "Department wO7QR1H3",
      "hasChildren": true
    },
    {
      "id": "01K7WRESMR0DCSCMNDZ5MPPNGF",
      "name": "Unit R7vSQjgl",
      "description": null,
      "sortOrder": 2,
      "parentLevelId": "01K7WRESBGJHEXDWDANK01QDJY",
      "parentName": "Division m46X3WCj",
      "hasChildren": true
    },
    {
      "id": "01K7WRESY2VBJXGQR3XQW93P1C",
      "name": "Team 9P8OYpzn",
      "description": null,
      "sortOrder": 3,
      "parentLevelId": "01K7WRESMR0DCSCMNDZ5MPPNGF",
      "parentName": "Unit R7vSQjgl",
      "hasChildren": false
    }
  ],
  "meta": {
    "totalItems": 4
  },
  "message": null
}
    [32mWhen[0m [32mI call API "GetOrganizationLevels"[0m                                                      [1;30m# steps_godog.go:47 -> github.com/muhfaris/gherkio/internal/cli/cmd.runRun.InitializeScenario.func3.15[0m
    [32mThen[0m [32mresponse status should be 200[0m                                                           [1;30m# steps_godog.go:47 -> github.com/muhfaris/gherkio/internal/cli/cmd.runRun.InitializeScenario.func3.21[0m
    [32mAnd[0m [32mjson '$.data.#(id=="{{.store.departmentLevelId}}")' should exist[0m                         [1;30m# steps_godog.go:47 -> github.com/muhfaris/gherkio/internal/cli/cmd.runRun.InitializeScenario.func3.27[0m
    [32mAnd[0m [32mjson '$.data.#(id=="{{.store.teamLevelId}}")' should exist[0m                               [1;30m# steps_godog.go:47 -> github.com/muhfaris/gherkio/internal/cli/cmd.runRun.InitializeScenario.func3.27[0m
    [32mGiven[0m [32mI set path params:[0m                                                                     [1;30m# steps_godog.go:47 -> github.com/muhfaris/gherkio/internal/cli/cmd.runRun.InitializeScenario.func3.11[0m
      | [36mcompanyId[0m | [36m{{.store.companyId}}[0m |
    [32mAnd[0m [32mI set query params:[0m                                                                      [1;30m# steps_godog.go:47 -> github.com/muhfaris/gherkio/internal/cli/cmd.runRun.InitializeScenario.func3.12[0m
      | [36mpageSize[0m | [36m100[0m |

[debug] API: GetOrganizationNodes (GET https://bac95622f7e996a8893a0b57d16d1692.serveo.net/api/companies/01HF61X49YJZ0P1Q2R3S4T5U6A/organization-nodes) -> 200
[debug] request headers:
[debug]   Authorization: Bearer eyJhbGciOiJIUzI1NiIsInR5cCI6IkpXVCJ9.eyJ1bmlxdWVfbmFtZSI6InN1cGVyYWRtaW4iLCJuYW1laWQiOiIwMVNBRE1JTlVTRVIwMDAwMDAwMDAwMDAwMCIsIm5iZiI6MTc2MDgyODAyMiwiZXhwIjoxNzYxNDMyODIyLCJpYXQiOjE3NjA4MjgwMjIsImlzcyI6IkVEb2N1bWVudC5BcGkiLCJhdWQiOiJFRG9jdW1lbnQuQXBpIn0.BgRvaMIOTERzTSVDMzJYpwerhgmGnyb3J91FbnMkvYA
[debug]   Content-Type: application/json
[debug]   X-App: gherkio
[debug] request body:
{
  "name": "Divisi QA vsNjX2xh",
  "organizationLevelId": "01K7WRESBGJHEXDWDANK01QDJY",
  "parentOrganizationId": "01K7WREWMN08N3QM5JNSTKG21M"
}
[debug] response body:
{
  "data": [
    {
      "id": "01K7WRETKQR5W6Q1MKMPGEYRS3",
      "companyId": "01HF61X49YJZ0P1Q2R3S4T5U6A",
      "organizationLevelId": "01K7WRES2EQAAM0BQ0BAC5DFQ3",
      "organizationLevelName": "Department wO7QR1H3",
      "name": "Departemen Keuangan 8YEbXJFS",
      "code": "Departemen_Keuangan_8YEbXJFS",
      "description": null,
      "parentOrganizationId": null,
      "parentName": null,
      "referenceOrganizationId": null,
      "referenceName": null,
      "hasChildren": false,
      "children": []
    },
    {
      "id": "01K7WREVSA8V2S0GA1HHY0ZVQZ",
      "companyId": "01HF61X49YJZ0P1Q2R3S4T5U6A",
      "organizationLevelId": "01K7WRES2EQAAM0BQ0BAC5DFQ3",
      "organizationLevelName": "Department wO7QR1H3",
      "name": "Departemen SDM bWQXDi72",
      "code": "Departemen_SDM_bWQXDi72",
      "description": null,
      "parentOrganizationId": null,
      "parentName": null,
      "referenceOrganizationId": null,
      "referenceName": null,
      "hasChildren": false,
      "children": []
    },
    {
      "id": "01K7WREWMN08N3QM5JNSTKG21M",
      "companyId": "01HF61X49YJZ0P1Q2R3S4T5U6A",
      "organizationLevelId": "01K7WRES2EQAAM0BQ0BAC5DFQ3",
      "organizationLevelName": "Department wO7QR1H3",
      "name": "Departemen Teknologi CSu1pokk",
      "code": "Departemen_Teknologi_CSu1pokk",
      "description": null,
      "parentOrganizationId": null,
      "parentName": null,
      "referenceOrganizationId": null,
      "referenceName": null,
      "hasChildren": false,
      "children": []
    },
    {
      "id": "01K7WRETXNKMJXRJDYT1JHA68P",
      "companyId": "01HF61X49YJZ0P1Q2R3S4T5U6A",
      "organizationLevelId": "01K7WRESBGJHEXDWDANK01QDJY",
      "organizationLevelName": "Division m46X3WCj",
      "name": "Divisi Akuntansi nd4zee1v",
      "code": "Divisi_Akuntansi_nd4zee1v",
      "description": null,
      "parentOrganizationId": "01K7WRETKQR5W6Q1MKMPGEYRS3",
      "parentName": "Departemen Keuangan 8YEbXJFS",
      "referenceOrganizationId": null,
      "referenceName": null,
      "hasChildren": false,
      "children": []
    },
    {
      "id": "01K7WREVG69B3BX9MPQ6DY897Q",
      "companyId": "01HF61X49YJZ0P1Q2R3S4T5U6A",
      "organizationLevelId": "01K7WRESBGJHEXDWDANK01QDJY",
      "organizationLevelName": "Division m46X3WCj",
      "name": "Divisi Anggaran GWx1LpWL",
      "code": "Divisi_Anggaran_GWx1LpWL",
      "description": null,
      "parentOrganizationId": "01K7WRETKQR5W6Q1MKMPGEYRS3",
      "parentName": "Departemen Keuangan 8YEbXJFS",
      "referenceOrganizationId": null,
      "referenceName": null,
      "hasChildren": false,
      "children": []
    },
    {
      "id": "01K7WREX7BX9DZNXEGWRXB5XAV",
      "companyId": "01HF61X49YJZ0P1Q2R3S4T5U6A",
      "organizationLevelId": "01K7WRESBGJHEXDWDANK01QDJY",
      "organizationLevelName": "Division m46X3WCj",
      "name": "Divisi Infrastruktur rbfAGdos",
      "code": "Divisi_Infrastruktur_rbfAGdos",
      "description": null,
      "parentOrganizationId": "01K7WREWMN08N3QM5JNSTKG21M",
      "parentName": "Departemen Teknologi CSu1pokk",
      "referenceOrganizationId": null,
      "referenceName": null,
      "hasChildren": false,
      "children": []
    },
    {
      "id": "01K7WREV737MBB8GJWHH1TWF46",
      "companyId": "01HF61X49YJZ0P1Q2R3S4T5U6A",
      "organizationLevelId": "01K7WRESBGJHEXDWDANK01QDJY",
      "organizationLevelName": "Division m46X3WCj",
      "name": "Divisi Pajak 1Y8sIl3o",
      "code": "Divisi_Pajak_1Y8sIl3o",
      "description": null,
      "parentOrganizationId": "01K7WRETKQR5W6Q1MKMPGEYRS3",
      "parentName": "Departemen Keuangan 8YEbXJFS",
      "referenceOrganizationId": null,
      "referenceName": null,
      "hasChildren": false,
      "children": []
    },
    {
      "id": "01K7WREWBJATS2ZYDJCGV4131W",
      "companyId": "01HF61X49YJZ0P1Q2R3S4T5U6A",
      "organizationLevelId": "01K7WRESBGJHEXDWDANK01QDJY",
      "organizationLevelName": "Division m46X3WCj",
      "name":
... (truncated)
    [32mWhen[0m [32mI call API "GetOrganizationNodes"[0m                                                       [1;30m# steps_godog.go:47 -> github.com/muhfaris/gherkio/internal/cli/cmd.runRun.InitializeScenario.func3.15[0m
    [32mThen[0m [32mresponse status should be 200[0m                                                           [1;30m# steps_godog.go:47 -> github.com/muhfaris/gherkio/internal/cli/cmd.runRun.InitializeScenario.func3.21[0m
    [32mAnd[0m [32mjson '$.data.#(id=="{{.store.deptTeknologiId}}")' should exist[0m                           [1;30m# steps_godog.go:47 -> github.com/muhfaris/gherkio/internal/cli/cmd.runRun.InitializeScenario.func3.27[0m
    [32mAnd[0m [32mjson '$.data.#(id=="{{.store.deptKeuanganId}}")' should exist[0m                            [1;30m# steps_godog.go:47 -> github.com/muhfaris/gherkio/internal/cli/cmd.runRun.InitializeScenario.func3.27[0m
    [32mAnd[0m [32mjson '$.data.#(id=="{{.store.deptKeuanganId}}").name' should not be empty[0m                [1;30m# steps_godog.go:47 -> github.com/muhfaris/gherkio/internal/cli/cmd.runRun.InitializeScenario.func3.37[0m
    [32mAnd[0m [32mI clear query params[0m                                                                     [1;30m# steps_godog.go:47 -> github.com/muhfaris/gherkio/internal/cli/cmd.runRun.InitializeScenario.func3.13[0m
    [32mGiven[0m [32mI set path params:[0m                                                                     [1;30m# steps_godog.go:47 -> github.com/muhfaris/gherkio/internal/cli/cmd.runRun.InitializeScenario.func3.11[0m
      | [36mcompanyId[0m | [36m{{.store.companyId}}[0m |
    [32mAnd[0m [32mI set query params:[0m                                                                      [1;30m# steps_godog.go:47 -> github.com/muhfaris/gherkio/internal/cli/cmd.runRun.InitializeScenario.func3.12[0m
      | [36morganizationLevelId[0m | [36m{{.store.divisionLevelId}}[0m |
      | [36mpageSize[0m            | [36m100[0m                        |

[debug] API: GetOrganizationNodes (GET https://bac95622f7e996a8893a0b57d16d1692.serveo.net/api/companies/01HF61X49YJZ0P1Q2R3S4T5U6A/organization-nodes) -> 200
[debug] request headers:
[debug]   Authorization: Bearer eyJhbGciOiJIUzI1NiIsInR5cCI6IkpXVCJ9.eyJ1bmlxdWVfbmFtZSI6InN1cGVyYWRtaW4iLCJuYW1laWQiOiIwMVNBRE1JTlVTRVIwMDAwMDAwMDAwMDAwMCIsIm5iZiI6MTc2MDgyODAyMiwiZXhwIjoxNzYxNDMyODIyLCJpYXQiOjE3NjA4MjgwMjIsImlzcyI6IkVEb2N1bWVudC5BcGkiLCJhdWQiOiJFRG9jdW1lbnQuQXBpIn0.BgRvaMIOTERzTSVDMzJYpwerhgmGnyb3J91FbnMkvYA
[debug]   Content-Type: application/json
[debug]   X-App: gherkio
[debug] request body:
{
  "name": "Divisi QA vsNjX2xh",
  "organizationLevelId": "01K7WRESBGJHEXDWDANK01QDJY",
  "parentOrganizationId": "01K7WREWMN08N3QM5JNSTKG21M"
}
[debug] response body:
{
  "data": [
    {
      "id": "01K7WRETKQR5W6Q1MKMPGEYRS3",
      "companyId": "01HF61X49YJZ0P1Q2R3S4T5U6A",
      "organizationLevelId": "01K7WRES2EQAAM0BQ0BAC5DFQ3",
      "organizationLevelName": "Department wO7QR1H3",
      "name": "Departemen Keuangan 8YEbXJFS",
      "code": "Departemen_Keuangan_8YEbXJFS",
      "description": null,
      "parentOrganizationId": null,
      "parentName": null,
      "referenceOrganizationId": null,
      "referenceName": null,
      "hasChildren": false,
      "children": []
    },
    {
      "id": "01K7WREVSA8V2S0GA1HHY0ZVQZ",
      "companyId": "01HF61X49YJZ0P1Q2R3S4T5U6A",
      "organizationLevelId": "01K7WRES2EQAAM0BQ0BAC5DFQ3",
      "organizationLevelName": "Department wO7QR1H3",
      "name": "Departemen SDM bWQXDi72",
      "code": "Departemen_SDM_bWQXDi72",
      "description": null,
      "parentOrganizationId": null,
      "parentName": null,
      "referenceOrganizationId": null,
      "referenceName": null,
      "hasChildren": false,
      "children": []
    },
    {
      "id": "01K7WREWMN08N3QM5JNSTKG21M",
      "companyId": "01HF61X49YJZ0P1Q2R3S4T5U6A",
      "organizationLevelId": "01K7WRES2EQAAM0BQ0BAC5DFQ3",
      "organizationLevelName": "Department wO7QR1H3",
      "name": "Departemen Teknologi CSu1pokk",
      "code": "Departemen_Teknologi_CSu1pokk",
      "description": null,
      "parentOrganizationId": null,
      "parentName": null,
      "referenceOrganizationId": null,
      "referenceName": null,
      "hasChildren": false,
      "children": []
    },
    {
      "id": "01K7WRETXNKMJXRJDYT1JHA68P",
      "companyId": "01HF61X49YJZ0P1Q2R3S4T5U6A",
      "organizationLevelId": "01K7WRESBGJHEXDWDANK01QDJY",
      "organizationLevelName": "Division m46X3WCj",
      "name": "Divisi Akuntansi nd4zee1v",
      "code": "Divisi_Akuntansi_nd4zee1v",
      "description": null,
      "parentOrganizationId": "01K7WRETKQR5W6Q1MKMPGEYRS3",
      "parentName": "Departemen Keuangan 8YEbXJFS",
      "referenceOrganizationId": null,
      "referenceName": null,
      "hasChildren": false,
      "children": []
    },
    {
      "id": "01K7WREVG69B3BX9MPQ6DY897Q",
      "companyId": "01HF61X49YJZ0P1Q2R3S4T5U6A",
      "organizationLevelId": "01K7WRESBGJHEXDWDANK01QDJY",
      "organizationLevelName": "Division m46X3WCj",
      "name": "Divisi Anggaran GWx1LpWL",
      "code": "Divisi_Anggaran_GWx1LpWL",
      "description": null,
      "parentOrganizationId": "01K7WRETKQR5W6Q1MKMPGEYRS3",
      "parentName": "Departemen Keuangan 8YEbXJFS",
      "referenceOrganizationId": null,
      "referenceName": null,
      "hasChildren": false,
      "children": []
    },
    {
      "id": "01K7WREX7BX9DZNXEGWRXB5XAV",
      "companyId": "01HF61X49YJZ0P1Q2R3S4T5U6A",
      "organizationLevelId": "01K7WRESBGJHEXDWDANK01QDJY",
      "organizationLevelName": "Division m46X3WCj",
      "name": "Divisi Infrastruktur rbfAGdos",
      "code": "Divisi_Infrastruktur_rbfAGdos",
      "description": null,
      "parentOrganizationId": "01K7WREWMN08N3QM5JNSTKG21M",
      "parentName": "Departemen Teknologi CSu1pokk",
      "referenceOrganizationId": null,
      "referenceName": null,
      "hasChildren": false,
      "children": []
    },
    {
      "id": "01K7WREV737MBB8GJWHH1TWF46",
      "companyId": "01HF61X49YJZ0P1Q2R3S4T5U6A",
      "organizationLevelId": "01K7WRESBGJHEXDWDANK01QDJY",
      "organizationLevelName": "Division m46X3WCj",
      "name": "Divisi Pajak 1Y8sIl3o",
      "code": "Divisi_Pajak_1Y8sIl3o",
      "description": null,
      "parentOrganizationId": "01K7WRETKQR5W6Q1MKMPGEYRS3",
      "parentName": "Departemen Keuangan 8YEbXJFS",
      "referenceOrganizationId": null,
      "referenceName": null,
      "hasChildren": false,
      "children": []
    },
    {
      "id": "01K7WREWBJATS2ZYDJCGV4131W",
      "companyId": "01HF61X49YJZ0P1Q2R3S4T5U6A",
      "organizationLevelId": "01K7WRESBGJHEXDWDANK01QDJY",
      "organizationLevelName": "Division m46X3WCj",
      "name":
... (truncated)
    [32mWhen[0m [32mI call API "GetOrganizationNodes"[0m                                                       [1;30m# steps_godog.go:47 -> github.com/muhfaris/gherkio/internal/cli/cmd.runRun.InitializeScenario.func3.15[0m
    [32mThen[0m [32mresponse status should be 200[0m                                                           [1;30m# steps_godog.go:47 -> github.com/muhfaris/gherkio/internal/cli/cmd.runRun.InitializeScenario.func3.21[0m
    [32mAnd[0m [32mjson '$.data.#(id=="{{.store.divisiAkuntansiId}}")' should exist[0m                         [1;30m# steps_godog.go:47 -> github.com/muhfaris/gherkio/internal/cli/cmd.runRun.InitializeScenario.func3.27[0m
    [32mAnd[0m [32mI clear query params[0m                                                                     [1;30m# steps_godog.go:47 -> github.com/muhfaris/gherkio/internal/cli/cmd.runRun.InitializeScenario.func3.13[0m
    [32mGiven[0m [32mI set path params:[0m                                                                     [1;30m# steps_godog.go:47 -> github.com/muhfaris/gherkio/internal/cli/cmd.runRun.InitializeScenario.func3.11[0m
      | [36mcompanyId[0m | [36m{{.store.companyId}}[0m |
    [32mAnd[0m [32mI set query params:[0m                                                                      [1;30m# steps_godog.go:47 -> github.com/muhfaris/gherkio/internal/cli/cmd.runRun.InitializeScenario.func3.12[0m
      | [36msearch[0m   | [36m{{.store.deptKeuanganName}}[0m |
      | [36mpageSize[0m | [36m100[0m                         |

[debug] API: GetOrganizationNodes (GET https://bac95622f7e996a8893a0b57d16d1692.serveo.net/api/companies/01HF61X49YJZ0P1Q2R3S4T5U6A/organization-nodes) -> 200
[debug] request headers:
[debug]   Authorization: Bearer eyJhbGciOiJIUzI1NiIsInR5cCI6IkpXVCJ9.eyJ1bmlxdWVfbmFtZSI6InN1cGVyYWRtaW4iLCJuYW1laWQiOiIwMVNBRE1JTlVTRVIwMDAwMDAwMDAwMDAwMCIsIm5iZiI6MTc2MDgyODAyMiwiZXhwIjoxNzYxNDMyODIyLCJpYXQiOjE3NjA4MjgwMjIsImlzcyI6IkVEb2N1bWVudC5BcGkiLCJhdWQiOiJFRG9jdW1lbnQuQXBpIn0.BgRvaMIOTERzTSVDMzJYpwerhgmGnyb3J91FbnMkvYA
[debug]   Content-Type: application/json
[debug]   X-App: gherkio
[debug] request body:
{
  "name": "Divisi QA vsNjX2xh",
  "organizationLevelId": "01K7WRESBGJHEXDWDANK01QDJY",
  "parentOrganizationId": "01K7WREWMN08N3QM5JNSTKG21M"
}
[debug] response body:
{
  "data": [
    {
      "id": "01K7WRETKQR5W6Q1MKMPGEYRS3",
      "companyId": "01HF61X49YJZ0P1Q2R3S4T5U6A",
      "organizationLevelId": "01K7WRES2EQAAM0BQ0BAC5DFQ3",
      "organizationLevelName": "Department wO7QR1H3",
      "name": "Departemen Keuangan 8YEbXJFS",
      "code": "Departemen_Keuangan_8YEbXJFS",
      "description": null,
      "parentOrganizationId": null,
      "parentName": null,
      "referenceOrganizationId": null,
      "referenceName": null,
      "hasChildren": false,
      "children": []
    },
    {
      "id": "01K7WREVSA8V2S0GA1HHY0ZVQZ",
      "companyId": "01HF61X49YJZ0P1Q2R3S4T5U6A",
      "organizationLevelId": "01K7WRES2EQAAM0BQ0BAC5DFQ3",
      "organizationLevelName": "Department wO7QR1H3",
      "name": "Departemen SDM bWQXDi72",
      "code": "Departemen_SDM_bWQXDi72",
      "description": null,
      "parentOrganizationId": null,
      "parentName": null,
      "referenceOrganizationId": null,
      "referenceName": null,
      "hasChildren": false,
      "children": []
    },
    {
      "id": "01K7WREWMN08N3QM5JNSTKG21M",
      "companyId": "01HF61X49YJZ0P1Q2R3S4T5U6A",
      "organizationLevelId": "01K7WRES2EQAAM0BQ0BAC5DFQ3",
      "organizationLevelName": "Department wO7QR1H3",
      "name": "Departemen Teknologi CSu1pokk",
      "code": "Departemen_Teknologi_CSu1pokk",
      "description": null,
      "parentOrganizationId": null,
      "parentName": null,
      "referenceOrganizationId": null,
      "referenceName": null,
      "hasChildren": false,
      "children": []
    },
    {
      "id": "01K7WRETXNKMJXRJDYT1JHA68P",
      "companyId": "01HF61X49YJZ0P1Q2R3S4T5U6A",
      "organizationLevelId": "01K7WRESBGJHEXDWDANK01QDJY",
      "organizationLevelName": "Division m46X3WCj",
      "name": "Divisi Akuntansi nd4zee1v",
      "code": "Divisi_Akuntansi_nd4zee1v",
      "description": null,
      "parentOrganizationId": "01K7WRETKQR5W6Q1MKMPGEYRS3",
      "parentName": "Departemen Keuangan 8YEbXJFS",
      "referenceOrganizationId": null,
      "referenceName": null,
      "hasChildren": false,
      "children": []
    },
    {
      "id": "01K7WREVG69B3BX9MPQ6DY897Q",
      "companyId": "01HF61X49YJZ0P1Q2R3S4T5U6A",
      "organizationLevelId": "01K7WRESBGJHEXDWDANK01QDJY",
      "organizationLevelName": "Division m46X3WCj",
      "name": "Divisi Anggaran GWx1LpWL",
      "code": "Divisi_Anggaran_GWx1LpWL",
      "description": null,
      "parentOrganizationId": "01K7WRETKQR5W6Q1MKMPGEYRS3",
      "parentName": "Departemen Keuangan 8YEbXJFS",
      "referenceOrganizationId": null,
      "referenceName": null,
      "hasChildren": false,
      "children": []
    },
    {
      "id": "01K7WREX7BX9DZNXEGWRXB5XAV",
      "companyId": "01HF61X49YJZ0P1Q2R3S4T5U6A",
      "organizationLevelId": "01K7WRESBGJHEXDWDANK01QDJY",
      "organizationLevelName": "Division m46X3WCj",
      "name": "Divisi Infrastruktur rbfAGdos",
      "code": "Divisi_Infrastruktur_rbfAGdos",
      "description": null,
      "parentOrganizationId": "01K7WREWMN08N3QM5JNSTKG21M",
      "parentName": "Departemen Teknologi CSu1pokk",
      "referenceOrganizationId": null,
      "referenceName": null,
      "hasChildren": false,
      "children": []
    },
    {
      "id": "01K7WREV737MBB8GJWHH1TWF46",
      "companyId": "01HF61X49YJZ0P1Q2R3S4T5U6A",
      "organizationLevelId": "01K7WRESBGJHEXDWDANK01QDJY",
      "organizationLevelName": "Division m46X3WCj",
      "name": "Divisi Pajak 1Y8sIl3o",
      "code": "Divisi_Pajak_1Y8sIl3o",
      "description": null,
      "parentOrganizationId": "01K7WRETKQR5W6Q1MKMPGEYRS3",
      "parentName": "Departemen Keuangan 8YEbXJFS",
      "referenceOrganizationId": null,
      "referenceName": null,
      "hasChildren": false,
      "children": []
    },
    {
      "id": "01K7WREWBJATS2ZYDJCGV4131W",
      "companyId": "01HF61X49YJZ0P1Q2R3S4T5U6A",
      "organizationLevelId": "01K7WRESBGJHEXDWDANK01QDJY",
      "organizationLevelName": "Division m46X3WCj",
      "name":
... (truncated)
    [32mWhen[0m [32mI call API "GetOrganizationNodes"[0m                                                       [1;30m# steps_godog.go:47 -> github.com/muhfaris/gherkio/internal/cli/cmd.runRun.InitializeScenario.func3.15[0m
    [32mThen[0m [32mresponse status should be 200[0m                                                           [1;30m# steps_godog.go:47 -> github.com/muhfaris/gherkio/internal/cli/cmd.runRun.InitializeScenario.func3.21[0m
    [31mAnd[0m [31mjson '$.data[0].id' should equal store "deptKeuanganId"[0m                                  [1;30m# steps_godog.go:47 -> github.com/muhfaris/gherkio/internal/cli/cmd.runRun.InitializeScenario.func3.34[0m
    [1;31mjson path "$.data[0].id" not found[0m
    [36mAnd[0m [36mI clear query params[0m                                                                     [1;30m# steps_godog.go:47 -> github.com/muhfaris/gherkio/internal/cli/cmd.runRun.InitializeScenario.func3.13[0m

--- [31mFailed steps:[0m

  [31mScenario: Superadmin configures the default company[0m [1;30m# gherkio/features/e2e/all.feature:4[0m
    [31mAnd json '$.data[0].id' should equal store "deptKeuanganId"[0m [1;30m# gherkio/features/e2e/all.feature:296[0m
      [31mError: [0m[1;31mjson path "$.data[0].id" not found[0m


1 scenarios ([31m1 failed[0m)
114 steps ([32m112 passed[0m, [31m1 failed[0m, [36m1 skipped[0m)
8.265079734s
