
✗ schema validation

1. GET https://api.example.com/users
   ✗ failed
   ✓ status = 200
   ✗ schema = users/user-response (actual: field body.email: expected format email, got not-an-email)
       └─ field body.email: expected format email, got not-an-email
       └─ field body.id: field body.id is required but (missing)

Response:
Status: 200

Body:
{
  "email": "not-an-email",
  "id": "abc"
}

✗ FAIL (schema validation)
1 passed, 1 failed, 2 total
Duration: 50ms

